<?xml version="1.0" encoding="utf-8"?>
<testsuites>
  <testsuite name="pytest" errors="0" failures="0" skipped="0" tests="1" time="0.1">
    <testcase classname="test_example" name="test_example" time="0.1"/>
  </testsuite>
</testsuites>
